2016/07/30 16:49:22 [error] 32344#33776: *1 upstream timed out (10060: A connection attempt failed because the connected party did not properly respond after a period of time, or established connection failed because connected host has failed to respond) while connecting to upstream, client: 127.0.0.1, server: backstage.jiaxiami.com, request: "GET / HTTP/1.1", upstream: "fastcgi://127.0.0.1:9000", host: "backstage.jiaxiami.com"
2016/07/31 12:12:22 [error] 27280#46940: *3163 WSARecv() failed (10054: An existing connection was forcibly closed by the remote host) while reading response header from upstream, client: 127.0.0.1, server: backstage.jiaxiami.com, request: "GET /menuclassifypage/classifylist.html HTTP/1.1", upstream: "fastcgi://127.0.0.1:9000", host: "backstage.jiaxiami.com", referrer: "http://backstage.jiaxiami.com/menuclassifypage/index.html"
2016/08/01 23:34:20 [error] 77932#78028: *1996 FastCGI sent in stderr: "PHP Parse error:  syntax error, unexpected '}' in D:\software_phpstudy\WWW\backstage\controllers\OrderController.php on line 28" while reading response header from upstream, client: 127.0.0.1, server: backstage.jiaxiami.com, request: "GET /order/list.html HTTP/1.1", upstream: "fastcgi://127.0.0.1:9000", host: "backstage.jiaxiami.com", referrer: "http://backstage.jiaxiami.com/order/index.html"
2016/08/01 23:34:21 [error] 77932#78028: *1996 FastCGI sent in stderr: "PHP Parse error:  syntax error, unexpected '}' in D:\software_phpstudy\WWW\backstage\controllers\OrderController.php on line 28" while reading response header from upstream, client: 127.0.0.1, server: backstage.jiaxiami.com, request: "GET /order/list.html HTTP/1.1", upstream: "fastcgi://127.0.0.1:9000", host: "backstage.jiaxiami.com", referrer: "http://backstage.jiaxiami.com/order/index.html"
2016/08/01 23:34:21 [error] 77932#78028: *1996 FastCGI sent in stderr: "PHP Parse error:  syntax error, unexpected '}' in D:\software_phpstudy\WWW\backstage\controllers\OrderController.php on line 28" while reading response header from upstream, client: 127.0.0.1, server: backstage.jiaxiami.com, request: "GET /order/list.html HTTP/1.1", upstream: "fastcgi://127.0.0.1:9000", host: "backstage.jiaxiami.com", referrer: "http://backstage.jiaxiami.com/order/index.html"
2016/08/01 23:34:24 [error] 77932#78028: *1996 FastCGI sent in stderr: "PHP Parse error:  syntax error, unexpected '}' in D:\software_phpstudy\WWW\backstage\controllers\OrderController.php on line 28" while reading response header from upstream, client: 127.0.0.1, server: backstage.jiaxiami.com, request: "GET /order/list.html HTTP/1.1", upstream: "fastcgi://127.0.0.1:9000", host: "backstage.jiaxiami.com", referrer: "http://backstage.jiaxiami.com/order/index.html"
2016/08/01 23:34:24 [error] 77932#78028: *1996 FastCGI sent in stderr: "PHP Parse error:  syntax error, unexpected '}' in D:\software_phpstudy\WWW\backstage\controllers\OrderController.php on line 28" while reading response header from upstream, client: 127.0.0.1, server: backstage.jiaxiami.com, request: "GET /order/list.html HTTP/1.1", upstream: "fastcgi://127.0.0.1:9000", host: "backstage.jiaxiami.com", referrer: "http://backstage.jiaxiami.com/order/index.html"
2016/08/01 23:34:24 [error] 77932#78028: *1996 FastCGI sent in stderr: "PHP Parse error:  syntax error, unexpected '}' in D:\software_phpstudy\WWW\backstage\controllers\OrderController.php on line 28" while reading response header from upstream, client: 127.0.0.1, server: backstage.jiaxiami.com, request: "GET /order/list.html HTTP/1.1", upstream: "fastcgi://127.0.0.1:9000", host: "backstage.jiaxiami.com", referrer: "http://backstage.jiaxiami.com/order/index.html"
2016/08/01 23:34:26 [error] 77932#78028: *1996 FastCGI sent in stderr: "PHP Parse error:  syntax error, unexpected '}' in D:\software_phpstudy\WWW\backstage\controllers\OrderController.php on line 28" while reading response header from upstream, client: 127.0.0.1, server: backstage.jiaxiami.com, request: "GET /order/newlist.html HTTP/1.1", upstream: "fastcgi://127.0.0.1:9000", host: "backstage.jiaxiami.com"
2016/08/01 23:34:28 [error] 77932#78028: *1996 FastCGI sent in stderr: "PHP Parse error:  syntax error, unexpected '}' in D:\software_phpstudy\WWW\backstage\controllers\OrderController.php on line 28" while reading response header from upstream, client: 127.0.0.1, server: backstage.jiaxiami.com, request: "GET /order/list.html HTTP/1.1", upstream: "fastcgi://127.0.0.1:9000", host: "backstage.jiaxiami.com", referrer: "http://backstage.jiaxiami.com/order/index.html"
2016/08/01 23:34:28 [error] 77932#78028: *1996 FastCGI sent in stderr: "PHP Parse error:  syntax error, unexpected '}' in D:\software_phpstudy\WWW\backstage\controllers\OrderController.php on line 28" while reading response header from upstream, client: 127.0.0.1, server: backstage.jiaxiami.com, request: "GET /order/list.html HTTP/1.1", upstream: "fastcgi://127.0.0.1:9000", host: "backstage.jiaxiami.com", referrer: "http://backstage.jiaxiami.com/order/index.html"
2016/08/01 23:34:28 [error] 77932#78028: *1996 FastCGI sent in stderr: "PHP Parse error:  syntax error, unexpected '}' in D:\software_phpstudy\WWW\backstage\controllers\OrderController.php on line 28" while reading response header from upstream, client: 127.0.0.1, server: backstage.jiaxiami.com, request: "GET /order/list.html HTTP/1.1", upstream: "fastcgi://127.0.0.1:9000", host: "backstage.jiaxiami.com", referrer: "http://backstage.jiaxiami.com/order/index.html"
2016/08/01 23:34:32 [error] 77932#78028: *1996 FastCGI sent in stderr: "PHP Parse error:  syntax error, unexpected '}' in D:\software_phpstudy\WWW\backstage\controllers\OrderController.php on line 28" while reading response header from upstream, client: 127.0.0.1, server: backstage.jiaxiami.com, request: "GET /order/list.html HTTP/1.1", upstream: "fastcgi://127.0.0.1:9000", host: "backstage.jiaxiami.com", referrer: "http://backstage.jiaxiami.com/order/index.html"
2016/08/01 23:34:32 [error] 77932#78028: *1996 FastCGI sent in stderr: "PHP Parse error:  syntax error, unexpected '}' in D:\software_phpstudy\WWW\backstage\controllers\OrderController.php on line 28" while reading response header from upstream, client: 127.0.0.1, server: backstage.jiaxiami.com, request: "GET /order/list.html HTTP/1.1", upstream: "fastcgi://127.0.0.1:9000", host: "backstage.jiaxiami.com", referrer: "http://backstage.jiaxiami.com/order/index.html"
2016/08/01 23:34:32 [error] 77932#78028: *1996 FastCGI sent in stderr: "PHP Parse error:  syntax error, unexpected '}' in D:\software_phpstudy\WWW\backstage\controllers\OrderController.php on line 28" while reading response header from upstream, client: 127.0.0.1, server: backstage.jiaxiami.com, request: "GET /order/list.html HTTP/1.1", upstream: "fastcgi://127.0.0.1:9000", host: "backstage.jiaxiami.com", referrer: "http://backstage.jiaxiami.com/order/index.html"
2016/08/07 16:59:55 [error] 8324#9964: *8237 WSARecv() failed (10054: An existing connection was forcibly closed by the remote host) while reading response header from upstream, client: 127.0.0.1, server: backstage.jiaxiami.com, request: "GET /order/list.html HTTP/1.1", upstream: "fastcgi://127.0.0.1:9000", host: "backstage.jiaxiami.com", referrer: "http://backstage.jiaxiami.com/order/index.html"
2016/08/07 17:11:51 [error] 8324#9964: *8882 WSARecv() failed (10054: An existing connection was forcibly closed by the remote host) while reading response header from upstream, client: 127.0.0.1, server: backstage.jiaxiami.com, request: "GET /order/list.html HTTP/1.1", upstream: "fastcgi://127.0.0.1:9000", host: "backstage.jiaxiami.com", referrer: "http://backstage.jiaxiami.com/order/index.html"
2016/08/13 16:22:27 [error] 18368#6820: *8730 FastCGI sent in stderr: "PHP Fatal error:  Class 'app\controllers\Response' not found in D:\software_phpstudy\WWW\backstage\controllers\WifiController.php on line 42" while reading response header from upstream, client: 127.0.0.1, server: backstage.jiaxiami.com, request: "POST /wifi/editwifi.html HTTP/1.1", upstream: "fastcgi://127.0.0.1:9000", host: "backstage.jiaxiami.com", referrer: "http://backstage.jiaxiami.com/wifi/index.html"
2016/08/14 00:14:46 [error] 18368#6820: *19641 WSARecv() failed (10054: An existing connection was forcibly closed by the remote host) while reading response header from upstream, client: 127.0.0.1, server: backstage.jiaxiami.com, request: "GET /order/list.html HTTP/1.1", upstream: "fastcgi://127.0.0.1:9000", host: "backstage.jiaxiami.com", referrer: "http://backstage.jiaxiami.com/order/index.html"
2016/09/19 22:23:55 [error] 18552#18592: *3181 WSARecv() failed (10054: An existing connection was forcibly closed by the remote host) while reading response header from upstream, client: 127.0.0.1, server: backstage.jiaxiami.com, request: "GET /order/list.html HTTP/1.1", upstream: "fastcgi://127.0.0.1:9000", host: "backstage.jiaxiami.com", referrer: "http://backstage.jiaxiami.com/order/index.html"
2016/09/19 22:36:01 [error] 18552#18592: *3779 WSARecv() failed (10054: An existing connection was forcibly closed by the remote host) while reading response header from upstream, client: 127.0.0.1, server: backstage.jiaxiami.com, request: "GET /debug/default/toolbar.html?tag=57dff7cfe7e94 HTTP/1.1", upstream: "fastcgi://127.0.0.1:9000", host: "backstage.jiaxiami.com", referrer: "http://backstage.jiaxiami.com/qrcode/index.html"
2016/09/19 22:45:31 [error] 18552#18592: *3923 WSARecv() failed (10054: An existing connection was forcibly closed by the remote host) while reading response header from upstream, client: 127.0.0.1, server: backstage.jiaxiami.com, request: "GET /order/list.html HTTP/1.1", upstream: "fastcgi://127.0.0.1:9000", host: "backstage.jiaxiami.com", referrer: "http://backstage.jiaxiami.com/order/index.html"
2016/09/19 22:45:31 [error] 18552#18592: *4024 WSARecv() failed (10054: An existing connection was forcibly closed by the remote host) while reading response header from upstream, client: 127.0.0.1, server: backstage.jiaxiami.com, request: "GET /order/list.html HTTP/1.1", upstream: "fastcgi://127.0.0.1:9000", host: "backstage.jiaxiami.com", referrer: "http://backstage.jiaxiami.com/order/index.html"
2016/09/19 22:45:31 [error] 18552#18592: *3888 WSARecv() failed (10054: An existing connection was forcibly closed by the remote host) while reading response header from upstream, client: 127.0.0.1, server: backstage.jiaxiami.com, request: "GET /order/list.html HTTP/1.1", upstream: "fastcgi://127.0.0.1:9000", host: "backstage.jiaxiami.com", referrer: "http://backstage.jiaxiami.com/order/index.html"
2016/09/19 22:45:31 [error] 18552#18592: *4111 WSARecv() failed (10054: An existing connection was forcibly closed by the remote host) while reading response header from upstream, client: 127.0.0.1, server: backstage.jiaxiami.com, request: "GET /order/list.html HTTP/1.1", upstream: "fastcgi://127.0.0.1:9000", host: "backstage.jiaxiami.com", referrer: "http://backstage.jiaxiami.com/order/index.html"
2016/09/19 22:45:31 [error] 18552#18592: *3779 WSARecv() failed (10054: An existing connection was forcibly closed by the remote host) while reading response header from upstream, client: 127.0.0.1, server: backstage.jiaxiami.com, request: "GET /order/list.html HTTP/1.1", upstream: "fastcgi://127.0.0.1:9000", host: "backstage.jiaxiami.com", referrer: "http://backstage.jiaxiami.com/order/index.html"
2016/09/19 22:45:31 [error] 18552#18592: *3890 WSARecv() failed (10054: An existing connection was forcibly closed by the remote host) while reading response header from upstream, client: 127.0.0.1, server: backstage.jiaxiami.com, request: "GET /order/list.html HTTP/1.1", upstream: "fastcgi://127.0.0.1:9000", host: "backstage.jiaxiami.com", referrer: "http://backstage.jiaxiami.com/order/index.html"
2016/09/19 22:45:31 [error] 18552#18592: *3971 WSARecv() failed (10054: An existing connection was forcibly closed by the remote host) while reading response header from upstream, client: 127.0.0.1, server: backstage.jiaxiami.com, request: "GET /order/list.html HTTP/1.1", upstream: "fastcgi://127.0.0.1:9000", host: "backstage.jiaxiami.com", referrer: "http://backstage.jiaxiami.com/order/index.html"
2016/09/19 22:45:31 [error] 18552#18592: *3959 WSARecv() failed (10054: An existing connection was forcibly closed by the remote host) while reading response header from upstream, client: 127.0.0.1, server: backstage.jiaxiami.com, request: "GET /order/list.html HTTP/1.1", upstream: "fastcgi://127.0.0.1:9000", host: "backstage.jiaxiami.com", referrer: "http://backstage.jiaxiami.com/order/index.html"
2016/09/19 22:45:31 [error] 18552#18592: *3921 WSARecv() failed (10054: An existing connection was forcibly closed by the remote host) while reading response header from upstream, client: 127.0.0.1, server: backstage.jiaxiami.com, request: "GET /order/list.html HTTP/1.1", upstream: "fastcgi://127.0.0.1:9000", host: "backstage.jiaxiami.com", referrer: "http://backstage.jiaxiami.com/order/index.html"
2016/09/19 22:45:31 [error] 18552#18592: *4055 WSARecv() failed (10054: An existing connection was forcibly closed by the remote host) while reading response header from upstream, client: 127.0.0.1, server: backstage.jiaxiami.com, request: "GET /order/list.html HTTP/1.1", upstream: "fastcgi://127.0.0.1:9000", host: "backstage.jiaxiami.com", referrer: "http://backstage.jiaxiami.com/order/index.html"
2016/09/19 22:45:31 [error] 18552#18592: *3916 WSARecv() failed (10054: An existing connection was forcibly closed by the remote host) while reading response header from upstream, client: 127.0.0.1, server: backstage.jiaxiami.com, request: "GET /order/list.html HTTP/1.1", upstream: "fastcgi://127.0.0.1:9000", host: "backstage.jiaxiami.com", referrer: "http://backstage.jiaxiami.com/order/index.html"
2016/09/19 22:45:31 [error] 18552#18592: *3933 WSARecv() failed (10054: An existing connection was forcibly closed by the remote host) while reading response header from upstream, client: 127.0.0.1, server: backstage.jiaxiami.com, request: "GET /order/list.html HTTP/1.1", upstream: "fastcgi://127.0.0.1:9000", host: "backstage.jiaxiami.com", referrer: "http://backstage.jiaxiami.com/order/index.html"
2016/09/19 22:45:31 [error] 18552#18592: *3839 WSARecv() failed (10054: An existing connection was forcibly closed by the remote host) while reading response header from upstream, client: 127.0.0.1, server: backstage.jiaxiami.com, request: "GET /order/list.html HTTP/1.1", upstream: "fastcgi://127.0.0.1:9000", host: "backstage.jiaxiami.com", referrer: "http://backstage.jiaxiami.com/order/index.html"
2016/09/19 22:45:31 [error] 18552#18592: *4071 WSARecv() failed (10054: An existing connection was forcibly closed by the remote host) while reading response header from upstream, client: 127.0.0.1, server: backstage.jiaxiami.com, request: "GET /order/list.html HTTP/1.1", upstream: "fastcgi://127.0.0.1:9000", host: "backstage.jiaxiami.com", referrer: "http://backstage.jiaxiami.com/order/index.html"
2016/09/19 22:55:01 [error] 18552#18592: *3959 WSARecv() failed (10054: An existing connection was forcibly closed by the remote host) while reading response header from upstream, client: 127.0.0.1, server: backstage.jiaxiami.com, request: "GET /order/list.html HTTP/1.1", upstream: "fastcgi://127.0.0.1:9000", host: "backstage.jiaxiami.com", referrer: "http://backstage.jiaxiami.com/order/index.html"
2016/09/19 22:55:01 [error] 18552#18592: *3922 WSARecv() failed (10054: An existing connection was forcibly closed by the remote host) while reading response header from upstream, client: 127.0.0.1, server: backstage.jiaxiami.com, request: "GET /order/list.html HTTP/1.1", upstream: "fastcgi://127.0.0.1:9000", host: "backstage.jiaxiami.com", referrer: "http://backstage.jiaxiami.com/order/index.html"
2016/09/19 22:55:01 [error] 18552#18592: *3921 WSARecv() failed (10054: An existing connection was forcibly closed by the remote host) while reading response header from upstream, client: 127.0.0.1, server: backstage.jiaxiami.com, request: "GET /order/list.html HTTP/1.1", upstream: "fastcgi://127.0.0.1:9000", host: "backstage.jiaxiami.com", referrer: "http://backstage.jiaxiami.com/order/index.html"
2016/09/19 22:55:01 [error] 18552#18592: *4055 WSARecv() failed (10054: An existing connection was forcibly closed by the remote host) while reading response header from upstream, client: 127.0.0.1, server: backstage.jiaxiami.com, request: "GET /order/list.html HTTP/1.1", upstream: "fastcgi://127.0.0.1:9000", host: "backstage.jiaxiami.com", referrer: "http://backstage.jiaxiami.com/order/index.html"
2016/09/19 22:55:01 [error] 18552#18592: *4024 WSARecv() failed (10054: An existing connection was forcibly closed by the remote host) while reading response header from upstream, client: 127.0.0.1, server: backstage.jiaxiami.com, request: "GET /order/list.html HTTP/1.1", upstream: "fastcgi://127.0.0.1:9000", host: "backstage.jiaxiami.com", referrer: "http://backstage.jiaxiami.com/order/index.html"
2016/09/19 22:55:01 [error] 18552#18592: *3923 WSARecv() failed (10054: An existing connection was forcibly closed by the remote host) while reading response header from upstream, client: 127.0.0.1, server: backstage.jiaxiami.com, request: "GET /order/list.html HTTP/1.1", upstream: "fastcgi://127.0.0.1:9000", host: "backstage.jiaxiami.com", referrer: "http://backstage.jiaxiami.com/order/index.html"
2016/09/19 22:55:01 [error] 18552#18592: *3888 WSARecv() failed (10054: An existing connection was forcibly closed by the remote host) while reading response header from upstream, client: 127.0.0.1, server: backstage.jiaxiami.com, request: "GET /order/list.html HTTP/1.1", upstream: "fastcgi://127.0.0.1:9000", host: "backstage.jiaxiami.com", referrer: "http://backstage.jiaxiami.com/order/index.html"
2016/09/19 22:55:01 [error] 18552#18592: *3916 WSARecv() failed (10054: An existing connection was forcibly closed by the remote host) while reading response header from upstream, client: 127.0.0.1, server: backstage.jiaxiami.com, request: "GET /order/list.html HTTP/1.1", upstream: "fastcgi://127.0.0.1:9000", host: "backstage.jiaxiami.com", referrer: "http://backstage.jiaxiami.com/order/index.html"
2016/09/19 22:55:01 [error] 18552#18592: *4946 WSARecv() failed (10054: An existing connection was forcibly closed by the remote host) while reading response header from upstream, client: 127.0.0.1, server: backstage.jiaxiami.com, request: "GET /order/list.html HTTP/1.1", upstream: "fastcgi://127.0.0.1:9000", host: "backstage.jiaxiami.com", referrer: "http://backstage.jiaxiami.com/order/index.html"
2016/09/19 22:55:01 [error] 18552#18592: *3971 WSARecv() failed (10054: An existing connection was forcibly closed by the remote host) while reading response header from upstream, client: 127.0.0.1, server: backstage.jiaxiami.com, request: "GET /order/list.html HTTP/1.1", upstream: "fastcgi://127.0.0.1:9000", host: "backstage.jiaxiami.com", referrer: "http://backstage.jiaxiami.com/order/index.html"
2016/09/19 22:55:01 [error] 18552#18592: *3890 WSARecv() failed (10054: An existing connection was forcibly closed by the remote host) while reading response header from upstream, client: 127.0.0.1, server: backstage.jiaxiami.com, request: "GET /order/list.html HTTP/1.1", upstream: "fastcgi://127.0.0.1:9000", host: "backstage.jiaxiami.com", referrer: "http://backstage.jiaxiami.com/order/index.html"
2016/09/19 22:55:01 [error] 18552#18592: *4111 WSARecv() failed (10054: An existing connection was forcibly closed by the remote host) while reading response header from upstream, client: 127.0.0.1, server: backstage.jiaxiami.com, request: "GET /order/list.html HTTP/1.1", upstream: "fastcgi://127.0.0.1:9000", host: "backstage.jiaxiami.com", referrer: "http://backstage.jiaxiami.com/order/index.html"
2016/09/19 22:55:01 [error] 18552#18592: *4998 WSARecv() failed (10054: An existing connection was forcibly closed by the remote host) while reading response header from upstream, client: 127.0.0.1, server: backstage.jiaxiami.com, request: "GET /order/list.html HTTP/1.1", upstream: "fastcgi://127.0.0.1:9000", host: "backstage.jiaxiami.com", referrer: "http://backstage.jiaxiami.com/order/index.html"
2016/09/19 22:55:01 [error] 18552#18592: *4071 WSARecv() failed (10054: An existing connection was forcibly closed by the remote host) while reading response header from upstream, client: 127.0.0.1, server: backstage.jiaxiami.com, request: "GET /order/list.html HTTP/1.1", upstream: "fastcgi://127.0.0.1:9000", host: "backstage.jiaxiami.com", referrer: "http://backstage.jiaxiami.com/order/index.html"
2016/09/19 23:23:08 [error] 18552#18592: *6610 WSARecv() failed (10054: An existing connection was forcibly closed by the remote host) while reading response header from upstream, client: 127.0.0.1, server: backstage.jiaxiami.com, request: "GET /order/list.html HTTP/1.1", upstream: "fastcgi://127.0.0.1:9000", host: "backstage.jiaxiami.com", referrer: "http://backstage.jiaxiami.com/order/index.html"
2016/09/19 23:32:29 [error] 18552#18592: *7149 WSARecv() failed (10054: An existing connection was forcibly closed by the remote host) while reading response header from upstream, client: 127.0.0.1, server: backstage.jiaxiami.com, request: "GET /order/list.html HTTP/1.1", upstream: "fastcgi://127.0.0.1:9000", host: "backstage.jiaxiami.com", referrer: "http://backstage.jiaxiami.com/order/index.html"
2016/09/19 23:56:14 [error] 23280#18968: *1134 WSARecv() failed (10054: An existing connection was forcibly closed by the remote host) while reading response header from upstream, client: 127.0.0.1, server: backstage.jiaxiami.com, request: "GET /order/list.html HTTP/1.1", upstream: "fastcgi://127.0.0.1:9000", host: "backstage.jiaxiami.com", referrer: "http://backstage.jiaxiami.com/order/index.html"
